Microchip MPLAB XC8 Compiler V2.32

Linker command line:

-W-3 --edf=C:\Program Files\Microchip\xc8\v2.32\pic\dat\en_msgs.txt -cn \
  -h+dist/default/production\capture.X.production.sym \
  --cmf=dist/default/production\capture.X.production.cmf -z -Q16F877 \
  -oC:\Users\90541\AppData\Local\Temp\xcAs8rc.4 --defsym=__MPLAB_BUILD=1 \
  -Mdist/default/production/capture.X.production.map -E1 -ver=XC8 Compiler \
  --acfsm=1493 -ASTACK=0110h-016Fh -pstack=STACK -ACODE=00h-07FFhx4 \
  -ASTRCODE=00h-01FFFh -ASTRING=00h-0FFhx32 -ACONST=00h-0FFhx32 \
  -AENTRY=00h-0FFhx32 -ACOMMON=070h-07Fh -ABANK0=020h-06Fh \
  -ABANK1=0A0h-0EFh -ABANK2=0110h-016Fh -ABANK3=0190h-01EFh \
  -ARAM=020h-06Fh,0A0h-0EFh,0110h-016Fh,0190h-01EFh \
  -AABS1=020h-07Fh,0A0h-0EFh,0110h-016Fh,0190h-01EFh -ASFR0=00h-01Fh \
  -ASFR1=080h-09Fh -ASFR2=0100h-010Fh -ASFR3=0180h-018Fh \
  -ACONFIG=02007h-02007h -DCONFIG=2 -AIDLOC=02000h-02003h -DIDLOC=2 \
  -AEEDATA=00h-0FFh/02100h -peeprom_data=EEDATA -DEEDATA=2 -DCODE=2 \
  -DSTRCODE=2 -DSTRING=2 -DCONST=2 -DENTRY=2 \
  -preset_vec=00h,intentry=04h,init,end_init -ppowerup=CODE -pcinit=CODE \
  -pfunctab=ENTRY -k C:\Users\90541\AppData\Local\Temp\xcAs8rc.o \
  dist/default/production\capture.X.production.o 

Object code version is 3.11

Machine type is 16F877



                Name                               Link     Load   Length Selector   Space Scale
C:\Users\90541\AppData\Local\Temp\xcAs8rc.o
                end_init                             10       10        3        8       0
                reset_vec                             0        0        3        0       0
                config                             2007     2007        1        0       4
dist/default/production\capture.X.production.o
                cinit                                13       13        8        8       0
                intentry                              4        4        C        8       0
                config                             2007     2007        1        0       4
                text2                                1B       1B       9D        8       0
                text1                                B8       B8       70        8       0
                maintext                            128      128       20        8       0
                cstackBANK0                          20       20       11       20       1
                cstackCOMMON                         70       70        9       70       1
                bssCOMMON                            79       79        4       70       1

TOTAL           Name                               Link     Load   Length     Space
        CLASS   STACK          

        CLASS   CODE           
                end_init                             10       10        3         0
                cinit                                13       13        8         0
                intentry                              4        4        C         0
                reset_vec                             0        0        3         0
                text2                                1B       1B       9D         0
                text1                                B8       B8       70         0
                maintext                            128      128       20         0

        CLASS   STRCODE        

        CLASS   STRING         

        CLASS   CONST          

        CLASS   ENTRY          

        CLASS   COMMON         
                cstackCOMMON                         70       70        9         1
                bssCOMMON                            79       79        4         1

        CLASS   BANK0          
                cstackBANK0                          20       20       11         1

        CLASS   BANK1          

        CLASS   BANK2          

        CLASS   BANK3          

        CLASS   RAM            

        CLASS   ABS1           
                abs_s1                               7E       7E        2         1

        CLASS   SFR0           

        CLASS   SFR1           

        CLASS   SFR2           

        CLASS   SFR3           

        CLASS   CONFIG         
                config                             2007     2007        1         4

        CLASS   IDLOC          

        CLASS   EEDATA         



SEGMENTS        Name                           Load    Length   Top    Selector   Space  Class     Delta

                reset_vec                      000000  000003  000003         0       0  CODE        2
                intentry                       000004  000144  000148         8       0  CODE        2
                cstackBANK0                    000020  000011  000031        20       1  BANK0       1
                cstackCOMMON                   000070  00000D  00007D        70       1  COMMON      1


UNUSED ADDRESS RANGES

        Name                Unused          Largest block    Delta
        BANK0            0031-006F             3F           1
        BANK1            00A0-00EF             50           1
        BANK2            0110-016F             60           1
        BANK3            0190-01EF             60           1
        CODE             0003-0003              1           2
                         0148-1FFF            800
        COMMON           007D-007D              1           1
        CONST            0003-0003              1           2
                         0148-1FFF            100
        EEDATA           2100-21FF            100           2
        ENTRY            0003-0003              1           2
                         0148-1FFF            100
        IDLOC            2000-2003              4           2
        RAM              0031-006F             3F           1
                         00A0-00EF             50
                         0110-016F             60
                         0190-01EF             60
        SFR0             0000-001F             20           1
        SFR1             0080-009F             20           1
        SFR2             0100-010F             10           1
        SFR3             0180-018F             10           1
        STACK            0110-016F             60           1
        STRCODE          0003-0003              1           2
                         0148-1FFF           1EB8
        STRING           0003-0003              1           2
                         0148-1FFF            100

                                  Symbol Table

?___aldiv                    cstackCOMMON 0070
_CCP1IE                      (abs)        0462
_CCP1IF                      (abs)        0062
_CCP1M0                      (abs)        00B8
_CCP1M1                      (abs)        00B9
_CCP1M2                      (abs)        00BA
_CCP1M3                      (abs)        00BB
_CCPR1                       (abs)        0015
_GIE                         (abs)        005F
_PEIE                        (abs)        005E
_PORTB                       (abs)        0006
_T1CKPS0                     (abs)        0084
_T1CKPS1                     (abs)        0085
_TMR1                        (abs)        000E
_TMR1CS                      (abs)        0081
_TMR1IE                      (abs)        0460
_TMR1IF                      (abs)        0060
_TMR1ON                      (abs)        0080
_TRISB                       (abs)        0086
_TRISC                       (abs)        0087
__Habs1                      abs1         0000
__Hbank0                     bank0        0000
__Hbank1                     bank1        0000
__Hbank2                     bank2        0000
__Hbank3                     bank3        0000
__HbssCOMMON                 bssCOMMON    0000
__Hcinit                     cinit        001B
__Hclrtext                   clrtext      0000
__Hcode                      code         0000
__Hcommon                    common       0000
__Hconfig                    config       2008
__HcstackBANK0               cstackBANK0  0000
__HcstackCOMMON              cstackCOMMON 0000
__Heeprom_data               eeprom_data  0000
__Hend_init                  end_init     0013
__Hfunctab                   functab      0000
__Hinit                      init         0010
__Hintentry                  intentry     0010
__Hmaintext                  maintext     0000
__Hpowerup                   powerup      0000
__Hram                       ram          0000
__Hreset_vec                 reset_vec    0003
__Hsfr0                      sfr0         0000
__Hsfr1                      sfr1         0000
__Hsfr2                      sfr2         0000
__Hsfr3                      sfr3         0000
__Hspace_0                   (abs)        0148
__Hspace_1                   (abs)        007D
__Hspace_2                   (abs)        0000
__Hspace_3                   (abs)        0000
__Hspace_4                   (abs)        400F
__Hstack                     stack        0000
__Hstrings                   strings      0000
__Htext                      text         0000
__Labs1                      abs1         0000
__Lbank0                     bank0        0000
__Lbank1                     bank1        0000
__Lbank2                     bank2        0000
__Lbank3                     bank3        0000
__LbssCOMMON                 bssCOMMON    0000
__Lcinit                     cinit        0013
__Lclrtext                   clrtext      0000
__Lcode                      code         0000
__Lcommon                    common       0000
__Lconfig                    config       0000
__LcstackBANK0               cstackBANK0  0000
__LcstackCOMMON              cstackCOMMON 0000
__Leeprom_data               eeprom_data  0000
__Lend_init                  end_init     0010
__Lfunctab                   functab      0000
__Linit                      init         0010
__Lintentry                  intentry     0004
__Lmaintext                  maintext     0000
__Lpowerup                   powerup      0000
__Lram                       ram          0000
__Lreset_vec                 reset_vec    0000
__Lsfr0                      sfr0         0000
__Lsfr1                      sfr1         0000
__Lsfr2                      sfr2         0000
__Lsfr3                      sfr3         0000
__Lspace_0                   (abs)        0000
__Lspace_1                   (abs)        0000
__Lspace_2                   (abs)        0000
__Lspace_3                   (abs)        0000
__Lspace_4                   (abs)        0000
__Lstack                     stack        0000
__Lstrings                   strings      0000
__Ltext                      text         0000
__S0                         (abs)        0148
__S1                         (abs)        007D
__S2                         (abs)        0000
__S3                         (abs)        0000
___aldiv                     text2        001B
___aldiv@counter             cstackBANK0  0020
___aldiv@dividend            cstackCOMMON 0074
___aldiv@divisor             cstackCOMMON 0070
___aldiv@quotient            cstackBANK0  0022
___aldiv@sign                cstackBANK0  0021
___int_sp                    stack        0000
___latbits                   (abs)        0002
___sp                        stack        0000
___stackhi                   (abs)        0000
___stacklo                   (abs)        0000
__end_of___aldiv             text2        00B8
__end_of__initialization     cinit        0017
__end_of_interrupt_function  text1        0128
__end_of_main                maintext     0148
__initialization             cinit        0013
__pbssCOMMON                 bssCOMMON    0079
__pcstackBANK0               cstackBANK0  0020
__pcstackCOMMON              cstackCOMMON 0070
__pintentry                  intentry     0004
__pmaintext                  maintext     0128
__ptext1                     text1        00B8
__ptext2                     text2        001B
__size_of___aldiv            (abs)        0000
__size_of_interrupt_function (abs)        0000
__size_of_main               (abs)        0000
_count                       bssCOMMON    007B
_interrupt_function          text1        00B8
_main                        maintext     0128
_time                        bssCOMMON    0079
btemp                        (abs)        007E
end_of_initialization        cinit        0017
interrupt_function           intentry     0004
intlevel0                    functab      0000
intlevel1                    functab      0000
intlevel2                    functab      0000
intlevel3                    functab      0000
intlevel4                    functab      0000
intlevel5                    functab      0000
reset_vec                    reset_vec    0000
saved_w                      (abs)        007E
start                        init         0010
start_initialization         cinit        0013
wtemp0                       (abs)        007E


MODULE INFORMATION

Module		Function		Class		Link	Load	Size
capture.c
		_interrupt_function		CODE           	00B8	0000	112
		_main          		CODE           	0128	0000	32

capture.c estimated size: 144

shared
		__initialization		CODE           	0013	0000	4

shared estimated size: 4

C:\Program Files\Microchip\xc8\v2.32\pic\sources\c90\common\aldiv.c
		___aldiv       		CODE           	001B	0000	157

C:\Program Files\Microchip\xc8\v2.32\pic\sources\c90\common\aldiv.c estimated size: 157

