Microchip MPLAB XC8 Compiler V2.32

Linker command line:

-W-3 --edf=C:\Program Files\Microchip\xc8\v2.32\pic\dat\en_msgs.txt -cn \
  -h+dist/default/production\code.X.production.sym \
  --cmf=dist/default/production\code.X.production.cmf -z -Q16F877 \
  -oC:\Users\90541\AppData\Local\Temp\xcAsf90.4 --defsym=__MPLAB_BUILD=1 \
  -Mdist/default/production/code.X.production.map -E1 -ver=XC8 Compiler \
  --acfsm=1493 -ASTACK=0110h-016Fh -pstack=STACK -ACODE=00h-07FFhx4 \
  -ASTRCODE=00h-01FFFh -ASTRING=00h-0FFhx32 -ACONST=00h-0FFhx32 \
  -AENTRY=00h-0FFhx32 -ACOMMON=070h-07Fh -ABANK0=020h-06Fh \
  -ABANK1=0A0h-0EFh -ABANK2=0110h-016Fh -ABANK3=0190h-01EFh \
  -ARAM=020h-06Fh,0A0h-0EFh,0110h-016Fh,0190h-01EFh \
  -AABS1=020h-07Fh,0A0h-0EFh,0110h-016Fh,0190h-01EFh -ASFR0=00h-01Fh \
  -ASFR1=080h-09Fh -ASFR2=0100h-010Fh -ASFR3=0180h-018Fh \
  -ACONFIG=02007h-02007h -DCONFIG=2 -AIDLOC=02000h-02003h -DIDLOC=2 \
  -AEEDATA=00h-0FFh/02100h -peeprom_data=EEDATA -DEEDATA=2 -DCODE=2 \
  -DSTRCODE=2 -DSTRING=2 -DCONST=2 -DENTRY=2 \
  -preset_vec=00h,intentry=04h,init,end_init -ppowerup=CODE -pcinit=CODE \
  -pfunctab=ENTRY -k C:\Users\90541\AppData\Local\Temp\xcAsf90.o \
  dist/default/production\code.X.production.o 

Object code version is 3.11

Machine type is 16F877



                Name                               Link     Load   Length Selector   Space Scale
C:\Users\90541\AppData\Local\Temp\xcAsf90.o
                end_init                             12       12        3        8       0
                reset_vec                             0        0        3        0       0
                config                             2007     2007        1        0       4
dist/default/production\code.X.production.o
                cinit                                15       15       16        8       0
                intentry                              4        4        E        8       0
                config                             2007     2007        1        0       4
                text1                                2B       2B      14B        8       0
                maintext                            1AA      1AA       22        8       0
                cstackCOMMON                         70       70        B       70       1
                inittext                            1CC      1CC       13        8       0
                dataBANK0                            20       20       34       20       1
                bssBANK0                             54       54        2       20       1
                bssCOMMON                            7B       7B        2       70       1
                idataBANK0                          176      176       34        8       0

TOTAL           Name                               Link     Load   Length     Space
        CLASS   STACK          

        CLASS   CODE           
                end_init                             12       12        3         0
                cinit                                15       15       16         0
                intentry                              4        4        E         0
                reset_vec                             0        0        3         0
                text1                                2B       2B      14B         0
                maintext                            1AA      1AA       22         0
                inittext                            1CC      1CC       13         0
                idataBANK0                          176      176       34         0

        CLASS   STRCODE        

        CLASS   STRING         

        CLASS   CONST          

        CLASS   ENTRY          

        CLASS   COMMON         
                cstackCOMMON                         70       70        B         1
                bssCOMMON                            7B       7B        2         1

        CLASS   BANK0          
                dataBANK0                            20       20       34         1
                bssBANK0                             54       54        2         1

        CLASS   BANK1          

        CLASS   BANK2          

        CLASS   BANK3          

        CLASS   RAM            

        CLASS   ABS1           
                abs_s1                               7E       7E        2         1

        CLASS   SFR0           

        CLASS   SFR1           

        CLASS   SFR2           

        CLASS   SFR3           

        CLASS   CONFIG         
                config                             2007     2007        1         4

        CLASS   IDLOC          

        CLASS   EEDATA         



SEGMENTS        Name                           Load    Length   Top    Selector   Space  Class     Delta

                reset_vec                      000000  000003  000003         0       0  CODE        2
                intentry                       000004  0001DB  0001DF         8       0  CODE        2
                dataBANK0                      000020  000036  000056        20       1  BANK0       1
                cstackCOMMON                   000070  00000D  00007D        70       1  COMMON      1


UNUSED ADDRESS RANGES

        Name                Unused          Largest block    Delta
        BANK0            0056-006F             1A           1
        BANK1            00A0-00EF             50           1
        BANK2            0110-016F             60           1
        BANK3            0190-01EF             60           1
        CODE             0003-0003              1           2
                         01DF-1FFF            800
        COMMON           007D-007D              1           1
        CONST            0003-0003              1           2
                         01DF-1FFF            100
        EEDATA           2100-21FF            100           2
        ENTRY            0003-0003              1           2
                         01DF-1FFF            100
        IDLOC            2000-2003              4           2
        RAM              0056-006F             1A           1
                         00A0-00EF             50
                         0110-016F             60
                         0190-01EF             60
        SFR0             0000-001F             20           1
        SFR1             0080-009F             20           1
        SFR2             0100-010F             10           1
        SFR3             0180-018F             10           1
        STACK            0110-016F             60           1
        STRCODE          0003-0003              1           2
                         01DF-1FFF           1E21
        STRING           0003-0003              1           2
                         01DF-1FFF            100

                                  Symbol Table

_GIE                         (abs)        005F
_PEIE                        (abs)        005E
_PORTB                       (abs)        0006
_PORTC                       (abs)        0007
_PORTD                       (abs)        0008
_RB3                         (abs)        0033
_RBIE                        (abs)        005B
_RBIF                        (abs)        0058
_RC4                         (abs)        003C
_T1CKPS0                     (abs)        0084
_T1CKPS1                     (abs)        0085
_TMR0                        (abs)        0001
_TMR1                        (abs)        000E
_TMR1CS                      (abs)        0081
_TMR1IE                      (abs)        0460
_TMR1IF                      (abs)        0060
_TMR1ON                      (abs)        0080
_TRISB                       (abs)        0086
_TRISC                       (abs)        0087
_TRISD                       (abs)        0088
__Habs1                      abs1         0000
__Hbank0                     bank0        0000
__Hbank1                     bank1        0000
__Hbank2                     bank2        0000
__Hbank3                     bank3        0000
__HbssBANK0                  bssBANK0     0000
__HbssCOMMON                 bssCOMMON    0000
__Hcinit                     cinit        002B
__Hclrtext                   clrtext      0000
__Hcode                      code         0000
__Hcommon                    common       0000
__Hconfig                    config       2008
__HcstackBANK0               cstackBANK0  0000
__HcstackCOMMON              cstackCOMMON 0000
__HdataBANK0                 dataBANK0    0000
__Heeprom_data               eeprom_data  0000
__Hend_init                  end_init     0015
__Hfunctab                   functab      0000
__HidataBANK0                idataBANK0   0000
__Hinit                      init         0012
__Hinittext                  inittext     0000
__Hintentry                  intentry     0012
__Hmaintext                  maintext     0000
__Hpowerup                   powerup      0000
__Hram                       ram          0000
__Hreset_vec                 reset_vec    0003
__Hsfr0                      sfr0         0000
__Hsfr1                      sfr1         0000
__Hsfr2                      sfr2         0000
__Hsfr3                      sfr3         0000
__Hspace_0                   (abs)        01DF
__Hspace_1                   (abs)        007D
__Hspace_2                   (abs)        0000
__Hspace_3                   (abs)        0000
__Hspace_4                   (abs)        400F
__Hstack                     stack        0000
__Hstrings                   strings      0000
__Htext                      text         0000
__Labs1                      abs1         0000
__Lbank0                     bank0        0000
__Lbank1                     bank1        0000
__Lbank2                     bank2        0000
__Lbank3                     bank3        0000
__LbssBANK0                  bssBANK0     0000
__LbssCOMMON                 bssCOMMON    0000
__Lcinit                     cinit        0015
__Lclrtext                   clrtext      0000
__Lcode                      code         0000
__Lcommon                    common       0000
__Lconfig                    config       0000
__LcstackBANK0               cstackBANK0  0000
__LcstackCOMMON              cstackCOMMON 0000
__LdataBANK0                 dataBANK0    0000
__Leeprom_data               eeprom_data  0000
__Lend_init                  end_init     0012
__Lfunctab                   functab      0000
__LidataBANK0                idataBANK0   0000
__Linit                      init         0012
__Linittext                  inittext     0000
__Lintentry                  intentry     0004
__Lmaintext                  maintext     0000
__Lpowerup                   powerup      0000
__Lram                       ram          0000
__Lreset_vec                 reset_vec    0000
__Lsfr0                      sfr0         0000
__Lsfr1                      sfr1         0000
__Lsfr2                      sfr2         0000
__Lsfr3                      sfr3         0000
__Lspace_0                   (abs)        0000
__Lspace_1                   (abs)        0000
__Lspace_2                   (abs)        0000
__Lspace_3                   (abs)        0000
__Lspace_4                   (abs)        0000
__Lstack                     stack        0000
__Lstrings                   strings      0000
__Ltext                      text         0000
__S0                         (abs)        01DF
__S1                         (abs)        007D
__S2                         (abs)        0000
__S3                         (abs)        0000
___int_sp                    stack        0000
___latbits                   (abs)        0002
___sp                        stack        0000
___stackhi                   (abs)        0000
___stacklo                   (abs)        0000
__end_of__initialization     cinit        0027
__end_of_interrupt_function  text1        0176
__end_of_main                maintext     01CC
__initialization             cinit        0015
__pbssBANK0                  bssBANK0     0054
__pbssCOMMON                 bssCOMMON    007B
__pcstackBANK0               cstackBANK0  0000
__pcstackCOMMON              cstackCOMMON 0070
__pdataBANK0                 dataBANK0    0020
__pidataBANK0                idataBANK0   0176
__pintentry                  intentry     0004
__pmaintext                  maintext     01AA
__ptext1                     text1        002B
__size_of_interrupt_function (abs)        0000
__size_of_main               (abs)        0000
_count                       bssBANK0     0054
_display_array               dataBANK0    0038
_interrupt_function          text1        002B
_keypad_array                dataBANK0    0020
_main                        maintext     01AA
_numbers                     dataBANK0    004C
_step                        bssCOMMON    007B
btemp                        (abs)        007E
end_of_initialization        cinit        0027
init_fetch0                  inittext     01CC
init_ram0                    inittext     01D0
interrupt_function           intentry     0004
interrupt_function@number    cstackCOMMON 0079
intlevel0                    functab      0000
intlevel1                    functab      0000
intlevel2                    functab      0000
intlevel3                    functab      0000
intlevel4                    functab      0000
intlevel5                    functab      0000
reset_vec                    reset_vec    0000
saved_w                      (abs)        007E
start                        init         0012
start_initialization         cinit        0015
wtemp0                       (abs)        007E


MODULE INFORMATION

Module		Function		Class		Link	Load	Size
cod.c
		_interrupt_function		CODE           	002B	0000	331
		_main          		CODE           	01AA	0000	34

cod.c estimated size: 365

shared
		__initialization		CODE           	0015	0000	18

shared estimated size: 18

