Microchip MPLAB XC8 Compiler V2.32

Linker command line:

-W-3 --edf=C:\Program Files\Microchip\xc8\v2.32\pic\dat\en_msgs.txt -cn \
  -h+dist/default/production\timer0.X.production.sym \
  --cmf=dist/default/production\timer0.X.production.cmf -z -Q16F84A \
  -oC:\Users\90541\AppData\Local\Temp\xcAsdu0.4 --defsym=__MPLAB_BUILD=1 \
  -Mdist/default/production/timer0.X.production.map -E1 -ver=XC8 Compiler \
  --acfsm=1493 -ASTACK=010h-04Dh -pstack=STACK -ACODE=00h-03FFh \
  -ASTRCODE=00h-03FFh -ASTRING=00h-0FFhx4 -ACONST=00h-0FFhx4 \
  -AENTRY=00h-0FFhx4 -ABANK0=0Ch-04Dh -ARAM=0Ch-04Dh -AABS1=0Ch-04Fh \
  -ACOMMON=04Eh-04Fh -ASFR0=00h-0Bh -ASFR1=080h-0CDh -ACONFIG=02007h-02007h \
  -DCONFIG=2 -AIDLOC=02000h-02003h -DIDLOC=2 -AEEDATA=00h-03Fh/02100h \
  -peeprom_data=EEDATA -DEEDATA=2 -DCODE=2 -DSTRCODE=2 -DSTRING=2 -DCONST=2 \
  -DENTRY=2 -preset_vec=00h,intentry=04h,init,end_init -ppowerup=CODE \
  -pcinit=CODE -pfunctab=ENTRY -k \
  C:\Users\90541\AppData\Local\Temp\xcAsdu0.o \
  dist/default/production\timer0.X.production.o 

Object code version is 3.11

Machine type is 16F84A



                Name                               Link     Load   Length Selector   Space Scale
C:\Users\90541\AppData\Local\Temp\xcAsdu0.o
                end_init                              B        B        1        8       0
                reset_vec                             0        0        1        0       0
                config                             2007     2007        1        0       4
dist/default/production\timer0.X.production.o
                cinit                                 C        C        5        8       0
                intentry                              4        4        7        8       0
                config                             2007     2007        1        0       4
                text1                                11       11       1F        8       0
                maintext                             30       30        D        8       0
                cstackBANK0                           E        E        2        C       1
                bssBANK0                              C        C        2        C       1

TOTAL           Name                               Link     Load   Length     Space
        CLASS   STACK          

        CLASS   CODE           
                end_init                              B        B        1         0
                cinit                                 C        C        5         0
                intentry                              4        4        7         0
                reset_vec                             0        0        1         0
                text1                                11       11       1F         0
                maintext                             30       30        D         0

        CLASS   STRCODE        

        CLASS   STRING         

        CLASS   CONST          

        CLASS   ENTRY          

        CLASS   BANK0          
                cstackBANK0                           E        E        2         1
                bssBANK0                              C        C        2         1

        CLASS   RAM            

        CLASS   ABS1           
                abs_s1                               4E       4E        2         1

        CLASS   COMMON         

        CLASS   SFR0           

        CLASS   SFR1           

        CLASS   CONFIG         
                config                             2007     2007        1         4

        CLASS   IDLOC          

        CLASS   EEDATA         

        CLASS   BANK1          



SEGMENTS        Name                           Load    Length   Top    Selector   Space  Class     Delta

                reset_vec                      000000  000001  000001         0       0  CODE        2
                intentry                       000004  000039  00003D         8       0  CODE        2
                bssBANK0                       00000C  000004  000010         C       1  BANK0       1


UNUSED ADDRESS RANGES

        Name                Unused          Largest block    Delta
        BANK0            0010-004D             3E           1
        CODE             0001-0003              3           2
                         003D-03FF            3C3
        CONST            0001-0003              3           2
                         003D-03FF            100
        EEDATA           2100-213F             40           2
        ENTRY            0001-0003              3           2
                         003D-03FF            100
        IDLOC            2000-2003              4           2
        RAM              0010-004D             3E           1
        SFR0             0000-000B              C           1
        SFR1             0080-00CD             4E           1
        STACK            0010-004D             3E           1
        STRCODE          0001-0003              3           2
                         003D-03FF            3C3
        STRING           0001-0003              3           2
                         003D-03FF            100

                                  Symbol Table

_GIE                         (abs)        005F
_OPTION_REG                  (abs)        0081
_PORTB                       (abs)        0006
_RB0                         (abs)        0030
_T0IE                        (abs)        005D
_T0IF                        (abs)        005A
_TMR0                        (abs)        0001
_TRISB                       (abs)        0086
__Habs1                      abs1         0000
__Hbank0                     bank0        0000
__Hbank1                     bank1        0000
__HbssBANK0                  bssBANK0     0000
__Hcinit                     cinit        0011
__Hclrtext                   clrtext      0000
__Hcode                      code         0000
__Hcommon                    common       0000
__Hconfig                    config       2008
__HcstackBANK0               cstackBANK0  0000
__HcstackCOMMON              cstackCOMMON 0000
__Heeprom_data               eeprom_data  0000
__Hend_init                  end_init     000C
__Hfunctab                   functab      0000
__Hinit                      init         000B
__Hintentry                  intentry     000B
__Hmaintext                  maintext     0000
__Hpowerup                   powerup      0000
__Hram                       ram          0000
__Hreset_vec                 reset_vec    0001
__Hsfr0                      sfr0         0000
__Hsfr1                      sfr1         0000
__Hspace_0                   (abs)        003D
__Hspace_1                   (abs)        0010
__Hspace_2                   (abs)        0000
__Hspace_3                   (abs)        0000
__Hspace_4                   (abs)        400F
__Hstack                     stack        0000
__Hstrings                   strings      0000
__Htext                      text         0000
__Labs1                      abs1         0000
__Lbank0                     bank0        0000
__Lbank1                     bank1        0000
__LbssBANK0                  bssBANK0     0000
__Lcinit                     cinit        000C
__Lclrtext                   clrtext      0000
__Lcode                      code         0000
__Lcommon                    common       0000
__Lconfig                    config       0000
__LcstackBANK0               cstackBANK0  0000
__LcstackCOMMON              cstackCOMMON 0000
__Leeprom_data               eeprom_data  0000
__Lend_init                  end_init     000B
__Lfunctab                   functab      0000
__Linit                      init         000B
__Lintentry                  intentry     0004
__Lmaintext                  maintext     0000
__Lpowerup                   powerup      0000
__Lram                       ram          0000
__Lreset_vec                 reset_vec    0000
__Lsfr0                      sfr0         0000
__Lsfr1                      sfr1         0000
__Lspace_0                   (abs)        0000
__Lspace_1                   (abs)        0000
__Lspace_2                   (abs)        0000
__Lspace_3                   (abs)        0000
__Lspace_4                   (abs)        0000
__Lstack                     stack        0000
__Lstrings                   strings      0000
__Ltext                      text         0000
__S0                         (abs)        003D
__S1                         (abs)        0010
__S2                         (abs)        0000
__S3                         (abs)        0000
___int_sp                    stack        0000
___latbits                   (abs)        0000
___sp                        stack        0000
___stackhi                   (abs)        0000
___stacklo                   (abs)        0000
__end_of__initialization     cinit        000F
__end_of_interrupt_funciton  text1        0030
__end_of_main                maintext     003D
__initialization             cinit        000C
__pbssBANK0                  bssBANK0     000C
__pcstackBANK0               cstackBANK0  000E
__pcstackCOMMON              cstackCOMMON 0000
__pintentry                  intentry     0004
__pmaintext                  maintext     0030
__ptext1                     text1        0011
__size_of_interrupt_funciton (abs)        0000
__size_of_main               (abs)        0000
_interrupt_funciton          text1        0011
_main                        maintext     0030
_sayac                       bssBANK0     000C
btemp                        (abs)        004E
end_of_initialization        cinit        000F
interrupt_function           intentry     0004
intlevel0                    functab      0000
intlevel1                    functab      0000
intlevel2                    functab      0000
intlevel3                    functab      0000
intlevel4                    functab      0000
intlevel5                    functab      0000
reset_vec                    reset_vec    0000
saved_w                      (abs)        004E
start                        init         000B
start_initialization         cinit        000C
wtemp0                       (abs)        004E


MODULE INFORMATION

Module		Function		Class		Link	Load	Size
timer0.c
		_interrupt_funciton		CODE           	0011	0000	31
		_main          		CODE           	0030	0000	13

timer0.c estimated size: 44

shared
		__initialization		CODE           	000C	0000	3

shared estimated size: 3

