Microchip MPLAB XC8 Compiler V2.32

Linker command line:

-W-3 --edf=C:\Program Files\Microchip\xc8\v2.32\pic\dat\en_msgs.txt -cn \
  -h+dist/default/production\display_app2.X.production.sym \
  --cmf=dist/default/production\display_app2.X.production.cmf -z -Q16F84A \
  -oC:\Users\90541\AppData\Local\Temp\xcAscc8.4 --defsym=__MPLAB_BUILD=1 \
  -Mdist/default/production/display_app2.X.production.map -E1 \
  -ver=XC8 Compiler --acfsm=1493 -ASTACK=031h-04Dh -pstack=STACK \
  -ACODE=00h-03FFh -ASTRCODE=00h-03FFh -ASTRING=00h-0FFhx4 \
  -ACONST=00h-0FFhx4 -AENTRY=00h-0FFhx4 -ABANK0=0Ch-04Dh -ARAM=0Ch-04Dh \
  -AABS1=0Ch-04Fh -ACOMMON=04Eh-04Fh -ASFR0=00h-0Bh -ASFR1=080h-0CDh \
  -ACONFIG=02007h-02007h -DCONFIG=2 -AIDLOC=02000h-02003h -DIDLOC=2 \
  -AEEDATA=00h-03Fh/02100h -peeprom_data=EEDATA -DEEDATA=2 -DCODE=2 \
  -DSTRCODE=2 -DSTRING=2 -DCONST=2 -DENTRY=2 \
  -preset_vec=00h,intentry,init,end_init -ppowerup=CODE -pcinit=CODE \
  -pfunctab=ENTRY -k C:\Users\90541\AppData\Local\Temp\xcAscc8.o \
  dist/default/production\display_app2.X.production.o 

Object code version is 3.11

Machine type is 16F84A



                Name                               Link     Load   Length Selector   Space Scale
C:\Users\90541\AppData\Local\Temp\xcAscc8.o
                end_init                              0        0        1        0       0
                config                             2007     2007        1        0       4
dist/default/production\display_app2.X.production.o
                cinit                               3D4      3D4       2C      7A8       0
                config                             2007     2007        1        0       4
                text2                               36C      36C       68      6D8       0
                text1                               2AF      2AF       5A      55E       0
                maintext                            309      309       63      612       0
                cstackBANK0                          20       20        B        C       1
                dataBANK0                             C        C       14        C       1
                bssBANK0                             2F       2F        2        C       1
                nvBANK0                              2B       2B        4        C       1
                idataBANK0                          29B      29B       14      536       0

TOTAL           Name                               Link     Load   Length     Space
        CLASS   STACK          

        CLASS   CODE           
                end_init                              0        0        1         0
                cinit                               3D4      3D4       2C         0
                text2                               36C      36C       68         0
                text1                               2AF      2AF       5A         0
                maintext                            309      309       63         0
                idataBANK0                          29B      29B       14         0

        CLASS   STRCODE        

        CLASS   STRING         

        CLASS   CONST          

        CLASS   ENTRY          

        CLASS   BANK0          
                cstackBANK0                          20       20        B         1
                dataBANK0                             C        C       14         1
                bssBANK0                             2F       2F        2         1
                nvBANK0                              2B       2B        4         1

        CLASS   RAM            

        CLASS   ABS1           
                abs_s1                               4E       4E        2         1

        CLASS   COMMON         

        CLASS   SFR0           

        CLASS   SFR1           

        CLASS   CONFIG         
                config                             2007     2007        1         4

        CLASS   IDLOC          

        CLASS   EEDATA         

        CLASS   BANK1          



SEGMENTS        Name                           Load    Length   Top    Selector   Space  Class     Delta

                reset_vec                      000000  000001  000001         0       0  CODE        2
                dataBANK0                      00000C  000025  000031         C       1  BANK0       1
                idataBANK0                     00029B  000014  0002AF       536       0  CODE        2
                text1                          0002AF  00005A  000309       55E       0  CODE        2
                maintext                       000309  000063  00036C       612       0  CODE        2
                text2                          00036C  000068  0003D4       6D8       0  CODE        2
                cinit                          0003D4  00002C  000400       7A8       0  CODE        2


UNUSED ADDRESS RANGES

        Name                Unused          Largest block    Delta
        BANK0            0031-004D             1D           1
        CODE             0001-029A            29A           2
        CONST            0001-029A            100           2
        EEDATA           2100-213F             40           2
        ENTRY            0001-029A            100           2
        IDLOC            2000-2003              4           2
        RAM              0031-004D             1D           1
        SFR0             0000-000B              C           1
        SFR1             0080-00CD             4E           1
        STACK            0031-004D             1D           1
        STRCODE          0001-029A            29A           2
        STRING           0001-029A            100           2

                                  Symbol Table

?___awdiv                cstackBANK0 0020
?___awmod                cstackBANK0 0020
_PORTA                   (abs)       0005
_PORTB                   (abs)       0006
_RA0                     (abs)       0028
_RA1                     (abs)       0029
_TRISA                   (abs)       0085
_TRISB                   (abs)       0086
__Habs1                  abs1        0000
__Hbank0                 bank0       0000
__Hbank1                 bank1       0000
__HbssBANK0              bssBANK0    0000
__Hcinit                 cinit       0400
__Hclrtext               clrtext     0000
__Hcode                  code        0000
__Hcommon                common      0000
__Hconfig                config      2008
__HcstackBANK0           cstackBANK0 0000
__HdataBANK0             dataBANK0   0000
__Heeprom_data           eeprom_data 0000
__Hend_init              end_init    0001
__Hfunctab               functab     0000
__HidataBANK0            idataBANK0  0000
__Hinit                  init        0000
__Hintentry              intentry    0000
__Hmaintext              maintext    0000
__HnvBANK0               nvBANK0     0000
__Hpowerup               powerup     0000
__Hram                   ram         0000
__Hreset_vec             reset_vec   0000
__Hsfr0                  sfr0        0000
__Hsfr1                  sfr1        0000
__Hspace_0               (abs)       0400
__Hspace_1               (abs)       0031
__Hspace_2               (abs)       0000
__Hspace_3               (abs)       0000
__Hspace_4               (abs)       400F
__Hstack                 stack       0000
__Hstrings               strings     0000
__Htext                  text        0000
__Labs1                  abs1        0000
__Lbank0                 bank0       0000
__Lbank1                 bank1       0000
__LbssBANK0              bssBANK0    0000
__Lcinit                 cinit       03D4
__Lclrtext               clrtext     0000
__Lcode                  code        0000
__Lcommon                common      0000
__Lconfig                config      0000
__LcstackBANK0           cstackBANK0 0000
__LdataBANK0             dataBANK0   0000
__Leeprom_data           eeprom_data 0000
__Lend_init              end_init    0000
__Lfunctab               functab     0000
__LidataBANK0            idataBANK0  0000
__Linit                  init        0000
__Lintentry              intentry    0000
__Lmaintext              maintext    0000
__LnvBANK0               nvBANK0     0000
__Lpowerup               powerup     0000
__Lram                   ram         0000
__Lreset_vec             reset_vec   0000
__Lsfr0                  sfr0        0000
__Lsfr1                  sfr1        0000
__Lspace_0               (abs)       0000
__Lspace_1               (abs)       0000
__Lspace_2               (abs)       0000
__Lspace_3               (abs)       0000
__Lspace_4               (abs)       0000
__Lstack                 stack       0000
__Lstrings               strings     0000
__Ltext                  text        0000
__S0                     (abs)       0400
__S1                     (abs)       0031
__S2                     (abs)       0000
__S3                     (abs)       0000
___awdiv                 text2       036C
___awdiv@counter         cstackBANK0 0025
___awdiv@dividend        cstackBANK0 0022
___awdiv@divisor         cstackBANK0 0020
___awdiv@quotient        cstackBANK0 0027
___awdiv@sign            cstackBANK0 0026
___awmod                 text1       02AF
___awmod@counter         cstackBANK0 0025
___awmod@dividend        cstackBANK0 0022
___awmod@divisor         cstackBANK0 0020
___awmod@sign            cstackBANK0 0026
___int_sp                stack       0000
___latbits               (abs)       0000
___sp                    stack       0000
___stackhi               (abs)       0000
___stacklo               (abs)       0000
__end_of___awdiv         text2       03D4
__end_of___awmod         text1       0309
__end_of__initialization cinit       03FE
__end_of_main            maintext    036C
__initialization         cinit       03D4
__pbssBANK0              bssBANK0    002F
__pcstackBANK0           cstackBANK0 0020
__pdataBANK0             dataBANK0   000C
__pidataBANK0            idataBANK0  029B
__pmaintext              maintext    0309
__pnvBANK0               nvBANK0     002B
__ptext1                 text1       02AF
__ptext2                 text2       036C
__size_of___awdiv        (abs)       0000
__size_of___awmod        (abs)       0000
__size_of_main           (abs)       0000
_main                    maintext    0309
_number                  bssBANK0    002F
_numbers_array           dataBANK0   000C
_tens_digit              nvBANK0     002B
_units_digit             nvBANK0     002D
btemp                    (abs)       004E
end_of_initialization    cinit       03FE
intlevel0                functab     0000
intlevel1                functab     0000
intlevel2                functab     0000
intlevel3                functab     0000
intlevel4                functab     0000
intlevel5                functab     0000
reset_vec                reset_vec   0000
start                    init        0000
start_initialization     cinit       03D4
wtemp0                   (abs)       004E


MODULE INFORMATION

Module		Function		Class		Link	Load	Size
display_app2.c
		_main          		CODE           	0309	0000	99

display_app2.c estimated size: 99

C:\Program Files\Microchip\xc8\v2.32\pic\sources\c90\common\awmod.c
		___awmod       		CODE           	02AF	0000	90

C:\Program Files\Microchip\xc8\v2.32\pic\sources\c90\common\awmod.c estimated size: 90

shared
		__initialization		CODE           	03D4	0000	42

shared estimated size: 42

C:\Program Files\Microchip\xc8\v2.32\pic\sources\c90\common\awdiv.c
		___awdiv       		CODE           	036C	0000	104

C:\Program Files\Microchip\xc8\v2.32\pic\sources\c90\common\awdiv.c estimated size: 104

